[2026-08-18 19:14:43,812] INFO [django.utils.autoreload:667] Watching for file changes with StatReloader
[2026-08-18 19:14:49,004] INFO [django.utils.autoreload:265] /Users/galimanideepreddy/Documents/milk_delivery/milk_delivery_backend/milk_backend/urls.py changed, reloading.
[2026-08-18 19:14:49,195] INFO [django.utils.autoreload:667] Watching for file changes with StatReloader
[2026-08-18 19:14:53,378] INFO [django.utils.autoreload:265] /Users/galimanideepreddy/Documents/milk_delivery/milk_delivery_backend/milk_backend/urls.py changed, reloading.
[2026-08-18 19:14:53,578] INFO [django.utils.autoreload:667] Watching for file changes with StatReloader
[2026-08-18 19:17:14,686] INFO [django.server:212] "GET /api/health/ HTTP/1.1" 200 291
[2026-08-18 19:20:18,386] INFO [django.server:212] "POST /api/auth/token/ HTTP/1.1" 200 489
[2026-08-18 19:20:18,392] INFO [django.server:212] "GET /api/auth/me/ HTTP/1.1" 200 357
[2026-08-18 19:20:18,403] INFO [django.server:212] "GET /api/products/ HTTP/1.1" 200 9112
[2026-08-18 19:20:18,408] INFO [django.server:212] "GET /api/subscriptions/ HTTP/1.1" 200 2
[2026-08-18 19:20:18,417] INFO [django.server:212] "GET /api/deliveries/ HTTP/1.1" 200 2
[2026-08-18 19:20:18,420] INFO [django.server:212] "GET /api/wallet/transactions/ HTTP/1.1" 200 325
[2026-08-18 19:20:18,422] INFO [django.server:212] "GET /api/notifications/ HTTP/1.1" 200 262
[2026-08-18 20:04:04,657] WARNING [django.server:212] "GET /api/auth/me/ HTTP/1.1" 401 275
[2026-08-18 20:04:04,712] INFO [django.server:212] "GET /api/products/ HTTP/1.1" 200 9112
[2026-08-18 20:04:04,737] WARNING [django.server:212] "GET /api/subscriptions/ HTTP/1.1" 401 275
[2026-08-18 20:04:04,739] WARNING [django.server:212] "GET /api/deliveries/ HTTP/1.1" 401 275
[2026-08-18 20:04:04,741] WARNING [django.server:212] "GET /api/wallet/transactions/ HTTP/1.1" 401 275
[2026-08-18 20:04:04,742] WARNING [django.server:212] "GET /api/notifications/ HTTP/1.1" 401 275
[2026-08-18 20:05:23,463] WARNING [django.server:212] "GET /api/auth/me/ HTTP/1.1" 401 275
[2026-08-18 20:05:23,493] INFO [django.server:212] "GET /api/products/ HTTP/1.1" 200 9112
[2026-08-18 20:05:23,513] WARNING [django.server:212] "GET /api/subscriptions/ HTTP/1.1" 401 275
[2026-08-18 20:05:23,531] WARNING [django.server:212] "GET /api/deliveries/ HTTP/1.1" 401 275
[2026-08-18 20:05:23,533] WARNING [django.server:212] "GET /api/wallet/transactions/ HTTP/1.1" 401 275
[2026-08-18 20:05:23,535] WARNING [django.server:212] "GET /api/notifications/ HTTP/1.1" 401 275
[2026-08-18 20:08:41,512] WARNING [django.server:212] "GET /api/auth/me/ HTTP/1.1" 401 275
[2026-08-18 20:08:41,519] INFO [django.server:212] "GET /api/products/ HTTP/1.1" 200 9112
[2026-08-18 20:08:41,545] WARNING [django.server:212] "GET /api/subscriptions/ HTTP/1.1" 401 275
[2026-08-18 20:08:41,547] WARNING [django.server:212] "GET /api/deliveries/ HTTP/1.1" 401 275
[2026-08-18 20:08:41,571] WARNING [django.server:212] "GET /api/wallet/transactions/ HTTP/1.1" 401 275
[2026-08-18 20:08:41,574] WARNING [django.server:212] "GET /api/notifications/ HTTP/1.1" 401 275
[2026-08-18 20:10:07,041] WARNING [django.server:212] "GET /api/auth/me/ HTTP/1.1" 401 275
[2026-08-18 20:10:07,066] INFO [django.server:212] "GET /api/products/ HTTP/1.1" 200 9112
[2026-08-18 20:10:07,085] WARNING [django.server:212] "GET /api/subscriptions/ HTTP/1.1" 401 275
[2026-08-18 20:10:07,087] WARNING [django.server:212] "GET /api/deliveries/ HTTP/1.1" 401 275
[2026-08-18 20:10:07,088] WARNING [django.server:212] "GET /api/wallet/transactions/ HTTP/1.1" 401 275
[2026-08-18 20:10:07,089] WARNING [django.server:212] "GET /api/notifications/ HTTP/1.1" 401 275
[2026-08-18 20:11:34,669] INFO [django.server:212] "POST /api/auth/send-otp/ HTTP/1.1" 200 134
[2026-08-18 20:11:37,476] INFO [django.server:212] "POST /api/auth/verify-otp/ HTTP/1.1" 200 913
[2026-08-18 20:11:37,499] INFO [django.server:212] "GET /api/auth/me/ HTTP/1.1" 200 381
[2026-08-18 20:11:37,508] INFO [django.server:212] "GET /api/products/ HTTP/1.1" 200 9112
[2026-08-18 20:11:37,515] INFO [django.server:212] "GET /api/subscriptions/ HTTP/1.1" 200 2
[2026-08-18 20:11:37,523] INFO [django.server:212] "GET /api/deliveries/ HTTP/1.1" 200 2
[2026-08-18 20:11:37,526] INFO [django.server:212] "GET /api/wallet/transactions/ HTTP/1.1" 200 329
[2026-08-18 20:11:37,530] INFO [django.server:212] "GET /api/notifications/ HTTP/1.1" 200 826
[2026-08-18 20:12:03,441] INFO [django.server:212] "POST /api/subscriptions/ HTTP/1.1" 201 750
[2026-08-18 20:12:03,458] INFO [django.server:212] "GET /api/auth/me/ HTTP/1.1" 200 381
[2026-08-18 20:12:03,465] INFO [django.server:212] "GET /api/products/ HTTP/1.1" 200 9112
[2026-08-18 20:12:03,477] INFO [django.server:212] "GET /api/subscriptions/ HTTP/1.1" 200 752
[2026-08-18 20:12:03,483] INFO [django.server:212] "GET /api/deliveries/ HTTP/1.1" 200 1166
[2026-08-18 20:12:03,488] INFO [django.server:212] "GET /api/wallet/transactions/ HTTP/1.1" 200 329
[2026-08-18 20:12:03,491] INFO [django.server:212] "GET /api/notifications/ HTTP/1.1" 200 826
[2026-08-18 20:15:39,978] INFO [django.server:212] "GET /api/auth/me/ HTTP/1.1" 200 381
[2026-08-18 20:15:39,982] INFO [django.server:212] "GET /api/products/ HTTP/1.1" 200 9112
[2026-08-18 20:15:40,006] INFO [django.server:212] "GET /api/subscriptions/ HTTP/1.1" 200 752
[2026-08-18 20:15:40,011] INFO [django.server:212] "GET /api/deliveries/ HTTP/1.1" 200 1166
[2026-08-18 20:15:40,014] INFO [django.server:212] "GET /api/wallet/transactions/ HTTP/1.1" 200 329
[2026-08-18 20:15:40,044] INFO [django.server:212] "GET /api/notifications/ HTTP/1.1" 200 826
[2026-08-18 20:17:41,553] WARNING [django.server:212] "GET /api/auth/me/ HTTP/1.1" 401 275
[2026-08-18 20:17:41,559] INFO [django.server:212] "GET /api/products/ HTTP/1.1" 200 9112
[2026-08-18 20:17:41,563] WARNING [django.server:212] "GET /api/subscriptions/ HTTP/1.1" 401 275
[2026-08-18 20:17:41,565] WARNING [django.server:212] "GET /api/deliveries/ HTTP/1.1" 401 275
[2026-08-18 20:17:41,588] WARNING [django.server:212] "GET /api/wallet/transactions/ HTTP/1.1" 401 275
[2026-08-18 20:17:41,590] WARNING [django.server:212] "GET /api/notifications/ HTTP/1.1" 401 275
[2026-08-18 20:19:11,350] WARNING [django.server:212] "GET /api/auth/me/ HTTP/1.1" 401 275
[2026-08-18 20:19:11,355] INFO [django.server:212] "GET /api/products/ HTTP/1.1" 200 9112
[2026-08-18 20:19:11,386] WARNING [django.server:212] "GET /api/subscriptions/ HTTP/1.1" 401 275
[2026-08-18 20:19:11,404] WARNING [django.server:212] "GET /api/deliveries/ HTTP/1.1" 401 275
[2026-08-18 20:19:11,406] WARNING [django.server:212] "GET /api/wallet/transactions/ HTTP/1.1" 401 275
[2026-08-18 20:19:11,407] WARNING [django.server:212] "GET /api/notifications/ HTTP/1.1" 401 275
[2026-08-18 20:27:15,257] INFO [django.utils.autoreload:265] /Users/galimanideepreddy/Documents/milk_delivery/milk_delivery_backend/apps/accounts/models.py changed, reloading.
[2026-08-18 20:27:15,541] INFO [django.utils.autoreload:667] Watching for file changes with StatReloader
[2026-08-18 20:27:19,733] INFO [django.utils.autoreload:265] /Users/galimanideepreddy/Documents/milk_delivery/milk_delivery_backend/apps/accounts/serializers.py changed, reloading.
[2026-08-18 20:27:19,886] INFO [django.utils.autoreload:667] Watching for file changes with StatReloader
[2026-08-18 20:27:28,149] INFO [django.utils.autoreload:265] /Users/galimanideepreddy/Documents/milk_delivery/milk_delivery_backend/apps/deliveries/serializers.py changed, reloading.
[2026-08-18 20:27:28,349] INFO [django.utils.autoreload:667] Watching for file changes with StatReloader
[2026-08-18 20:30:18,540] WARNING [django.server:212] "GET /api/auth/me/ HTTP/1.1" 401 275
[2026-08-18 20:30:18,566] INFO [django.server:212] "GET /api/products/ HTTP/1.1" 200 9112
[2026-08-18 20:30:18,577] WARNING [django.server:212] "GET /api/subscriptions/ HTTP/1.1" 401 275
[2026-08-18 20:30:18,579] WARNING [django.server:212] "GET /api/deliveries/ HTTP/1.1" 401 275
[2026-08-18 20:30:18,581] WARNING [django.server:212] "GET /api/wallet/transactions/ HTTP/1.1" 401 275
[2026-08-18 20:30:18,582] WARNING [django.server:212] "GET /api/notifications/ HTTP/1.1" 401 275
[2026-08-18 20:54:17,828] WARNING [django.server:212] "GET /api/auth/me/ HTTP/1.1" 401 275
[2026-08-18 20:54:17,859] INFO [django.server:212] "GET /api/products/ HTTP/1.1" 200 9112
[2026-08-18 20:54:17,871] WARNING [django.server:212] "GET /api/subscriptions/ HTTP/1.1" 401 275
[2026-08-18 20:54:17,872] WARNING [django.server:212] "GET /api/deliveries/ HTTP/1.1" 401 275
[2026-08-18 20:54:17,874] WARNING [django.server:212] "GET /api/wallet/transactions/ HTTP/1.1" 401 275
[2026-08-18 20:54:17,875] WARNING [django.server:212] "GET /api/notifications/ HTTP/1.1" 401 275
[2026-08-18 21:58:01,003] INFO [django.server:212] "GET /api/health/ HTTP/1.1" 200 293
[2026-08-18 21:58:01,018] INFO [django.server:212] "GET /api/products/ HTTP/1.1" 200 9112
[2026-08-18 21:58:07,101] WARNING [django.server:212] "POST /api/auth/otp/verify/ HTTP/1.1" 404 6290
[2026-08-18 21:58:07,110] WARNING [django.server:212] "POST /api/auth/otp/verify/ HTTP/1.1" 404 6290
[2026-08-18 21:58:07,118] WARNING [django.server:212] "POST /api/auth/otp/verify/ HTTP/1.1" 404 6290
[2026-08-18 21:58:14,142] INFO [django.server:212] "POST /api/auth/verify-otp/ HTTP/1.1" 200 893
[2026-08-18 21:58:14,150] INFO [django.server:212] "POST /api/auth/verify-otp/ HTTP/1.1" 200 908
[2026-08-18 21:58:14,159] INFO [django.server:212] "POST /api/auth/verify-otp/ HTTP/1.1" 200 940
[2026-08-18 21:58:21,362] INFO [django.server:212] "POST /api/auth/verify-otp/ HTTP/1.1" 200 908
[2026-08-18 21:58:21,374] INFO [django.server:212] "GET /api/deliveries/ HTTP/1.1" 200 1223
[2026-08-18 22:00:00,632] WARNING [django.server:212] "GET /api/auth/me/ HTTP/1.1" 401 275
[2026-08-18 22:00:00,666] INFO [django.server:212] "GET /api/products/ HTTP/1.1" 200 9112
[2026-08-18 22:00:00,677] WARNING [django.server:212] "GET /api/subscriptions/ HTTP/1.1" 401 275
[2026-08-18 22:00:00,679] WARNING [django.server:212] "GET /api/deliveries/ HTTP/1.1" 401 275
[2026-08-18 22:00:00,681] WARNING [django.server:212] "GET /api/wallet/transactions/ HTTP/1.1" 401 275
[2026-08-18 22:00:00,683] WARNING [django.server:212] "GET /api/notifications/ HTTP/1.1" 401 275
[2026-08-18 22:01:10,793] WARNING [django.server:212] "GET /api/auth/me/ HTTP/1.1" 401 275
[2026-08-18 22:01:10,805] INFO [django.server:212] "GET /api/products/ HTTP/1.1" 200 9112
[2026-08-18 22:01:10,835] WARNING [django.server:212] "GET /api/subscriptions/ HTTP/1.1" 401 275
[2026-08-18 22:01:10,837] WARNING [django.server:212] "GET /api/deliveries/ HTTP/1.1" 401 275
[2026-08-18 22:01:10,839] WARNING [django.server:212] "GET /api/wallet/transactions/ HTTP/1.1" 401 275
[2026-08-18 22:01:10,841] WARNING [django.server:212] "GET /api/notifications/ HTTP/1.1" 401 275
[2026-08-18 22:12:11,212] WARNING [django.server:212] "GET /api/auth/me/ HTTP/1.1" 401 275
[2026-08-18 22:12:11,233] INFO [django.server:212] "GET /api/products/ HTTP/1.1" 200 9112
[2026-08-18 22:12:11,253] WARNING [django.server:212] "GET /api/subscriptions/ HTTP/1.1" 401 275
[2026-08-18 22:12:11,271] WARNING [django.server:212] "GET /api/deliveries/ HTTP/1.1" 401 275
[2026-08-18 22:12:11,273] WARNING [django.server:212] "GET /api/wallet/transactions/ HTTP/1.1" 401 275
[2026-08-18 22:12:11,276] WARNING [django.server:212] "GET /api/notifications/ HTTP/1.1" 401 275
[2026-08-18 22:44:34,301] INFO [django.utils.autoreload:265] /Users/galimanideepreddy/Documents/milk_delivery/milk_delivery_backend/milk_backend/settings.py changed, reloading.
[2026-08-18 22:44:34,574] INFO [django.utils.autoreload:667] Watching for file changes with StatReloader
[2026-08-18 22:44:41,845] INFO [django.utils.autoreload:265] /Users/galimanideepreddy/Documents/milk_delivery/milk_delivery_backend/milk_backend/settings.py changed, reloading.
[2026-08-18 22:44:41,999] INFO [django.utils.autoreload:667] Watching for file changes with StatReloader
[2026-08-18 23:05:15,857] INFO [django.utils.autoreload:265] /Users/galimanideepreddy/Documents/milk_delivery/milk_delivery_backend/milk_backend/settings.py changed, reloading.
[2026-08-18 23:05:16,187] INFO [django.utils.autoreload:667] Watching for file changes with StatReloader
